resourceLogs:
  - resource:
      attributes:
        - key: gcp.project
          value:
            stringValue: test-project-id
        - key: cloud.resource_id
          value:
            stringValue: networkmanagement.googleapis.com%2Fvpc_flows
        - key: gcp.resource_type
          value:
            stringValue: vpc_flow_logs_config
        - key: gcp.label.name
          value:
            stringValue: "test-flow-logs-config"
        - key: gcp.label.location
          value:
            stringValue: global
        - key: gcp.label.resource_container
          value:
            stringValue: projects/123456789012
    scopeLogs:
      - logRecords:
          - attributes:
              - key: log.record.uid
                value:
                  stringValue: uuq3awf13s959
              - key: gcp.label.target_resource_name
                value:
                  stringValue: projects/123456789012/global/networks/default
              - key: network.protocol.name
                value:
                  stringValue: icmp
              - key: source.address
                value:
                  stringValue: 203.0.113.3
              - key: destination.address
                value:
                  stringValue: 192.0.2.3
              - key: gcp.vpc.flow.reporter
                value:
                  stringValue: DEST
              - key: gcp.vpc.flow.bytes_sent
                value:
                  intValue: "800"
              - key: gcp.vpc.flow.packets_sent
                value:
                  intValue: "20"
              - key: gcp.vpc.flow.start_time
                value:
                  stringValue: "2025-09-27T21:11:25.762594203Z"
              - key: gcp.vpc.flow.end_time
                value:
                  stringValue: "2025-09-27T21:11:25.762594203Z"
              - key: gcp.vpc.flow.destination.instance.project.id
                value:
                  stringValue: test-project-id
              - key: gcp.vpc.flow.destination.instance.vm.region
                value:
                  stringValue: asia-south1
              - key: gcp.vpc.flow.destination.instance.vm.name
                value:
                  stringValue: test-vm-3
              - key: gcp.vpc.flow.destination.instance.vm.zone
                value:
                  stringValue: asia-south1-c
              - key: gcp.vpc.flow.destination.project.id
                value:
                  stringValue: test-project-id
              - key: gcp.vpc.flow.destination.subnet.name
                value:
                  stringValue: default
              - key: gcp.vpc.flow.destination.subnet.region
                value:
                  stringValue: asia-south1
              - key: gcp.vpc.flow.destination.vpc.name
                value:
                  stringValue: default
              - key: gcp.vpc.flow.source.asn
                value:
                  intValue: "14618"
              - key: gcp.vpc.flow.source.geo.city
                value:
                  stringValue: Ashburn
              - key: gcp.vpc.flow.source.geo.continent
                value:
                  stringValue: America
              - key: gcp.vpc.flow.source.geo.country.iso_code.alpha3
                value:
                  stringValue: usa
              - key: gcp.vpc.flow.source.geo.region
                value:
                  stringValue: Virginia
            body: {}
            observedTimeUnixNano: "1759007488320127676"
            timeUnixNano: "1759007488320127676"
        scope:
          attributes:
            - key: encoding.format
              value:
                stringValue: gcp.vpcflow
