resourceMetrics:
  - resource:
      attributes:
        - key: container.id
          value:
            stringValue: 364bd8f13021f326
        - key: k8s.container.name
          value:
            stringValue: kube-scheduler
        - key: k8s.namespace.name
          value:
            stringValue: kube-system
        - key: k8s.pod.name
          value:
            stringValue: kube-scheduler-minikube
        - key: k8s.pod.uid
          value:
            stringValue: 5795d0c442cb997ff93c49feeb9f6386
    scopeMetrics:
      - metrics:
          - description: Total cumulative CPU time (sum of all cores) spent by the container/pod/node since its creation
            name: container.cpu.time
            sum:
              aggregationTemporality: 2
              dataPoints:
                - asDouble: 4.560175707
                  startTimeUnixNano: "1000000"
                  timeUnixNano: "2000000"
              isMonotonic: true
            unit: s
          - description: Container CPU utilization
            gauge:
              dataPoints:
                - asDouble: 0.003438625
                  startTimeUnixNano: "1000000"
                  timeUnixNano: "2000000"
            name: container.cpu.utilization
            unit: "1"
          - description: Container filesystem available
            gauge:
              dataPoints:
                - asInt: "13717454848"
                  startTimeUnixNano: "1000000"
                  timeUnixNano: "2000000"
            name: container.filesystem.available
            unit: By
          - description: Container filesystem capacity
            gauge:
              dataPoints:
                - asInt: "17361125376"
                  startTimeUnixNano: "1000000"
                  timeUnixNano: "2000000"
            name: container.filesystem.capacity
            unit: By
          - description: Container filesystem usage
            gauge:
              dataPoints:
                - asInt: "12288"
                  startTimeUnixNano: "1000000"
                  timeUnixNano: "2000000"
            name: container.filesystem.usage
            unit: By
          - description: Container memory available
            gauge:
              dataPoints:
                - asInt: "171589632"
                  startTimeUnixNano: "1000000"
                  timeUnixNano: "2000000"
            name: container.memory.available
            unit: By
          - description: Container memory major_page_faults
            gauge:
              dataPoints:
                - asInt: "0"
                  startTimeUnixNano: "1000000"
                  timeUnixNano: "2000000"
            name: container.memory.major_page_faults
            unit: "1"
          - description: Container memory page_faults
            gauge:
              dataPoints:
                - asInt: "7260"
                  startTimeUnixNano: "1000000"
                  timeUnixNano: "2000000"
            name: container.memory.page_faults
            unit: "1"
          - description: Container memory rss
            gauge:
              dataPoints:
                - asInt: "12660736"
                  startTimeUnixNano: "1000000"
                  timeUnixNano: "2000000"
            name: container.memory.rss
            unit: By
          - description: Container memory usage
            gauge:
              dataPoints:
                - asInt: "13701120"
                  startTimeUnixNano: "1000000"
                  timeUnixNano: "2000000"
            name: container.memory.usage
            unit: By
          - description: Container memory working_set
            gauge:
              dataPoints:
                - asInt: "11640832"
                  startTimeUnixNano: "1000000"
                  timeUnixNano: "2000000"
            name: container.memory.working_set
            unit: By
        scope:
          name: github.com/open-telemetry/opentelemetry-collector-contrib/receiver/kubeletstatsreceiver
          version: latest
  - resource:
      attributes:
        - key: container.id
          value:
            stringValue: 3c340a1810969eb1
        - key: k8s.container.name
          value:
            stringValue: kube-proxy
        - key: k8s.namespace.name
          value:
            stringValue: kube-system
        - key: k8s.pod.name
          value:
            stringValue: kube-proxy-v48tf
        - key: k8s.pod.uid
          value:
            stringValue: 0a6d6b05-0e8d-4920-8a38-926a33164d45
    scopeMetrics:
      - metrics:
          - description: Total cumulative CPU time (sum of all cores) spent by the container/pod/node since its creation
            name: container.cpu.time
            sum:
              aggregationTemporality: 2
              dataPoints:
                - asDouble: 1.047769731
                  startTimeUnixNano: "1000000"
                  timeUnixNano: "2000000"
              isMonotonic: true
            unit: s
          - description: Container CPU utilization
            gauge:
              dataPoints:
                - asDouble: 0.000396945
                  startTimeUnixNano: "1000000"
                  timeUnixNano: "2000000"
            name: container.cpu.utilization
            unit: "1"
          - description: Container filesystem available
            gauge:
              dataPoints:
                - asInt: "13717454848"
                  startTimeUnixNano: "1000000"
                  timeUnixNano: "2000000"
            name: container.filesystem.available
            unit: By
          - description: Container filesystem capacity
            gauge:
              dataPoints:
                - asInt: "17361125376"
                  startTimeUnixNano: "1000000"
                  timeUnixNano: "2000000"
            name: container.filesystem.capacity
            unit: By
          - description: Container filesystem usage
            gauge:
              dataPoints:
                - asInt: "94208"
                  startTimeUnixNano: "1000000"
                  timeUnixNano: "2000000"
            name: container.filesystem.usage
            unit: By
          - description: Container memory available
            gauge:
              dataPoints:
                - asInt: "171589632"
                  startTimeUnixNano: "1000000"
                  timeUnixNano: "2000000"
            name: container.memory.available
            unit: By
          - description: Container memory major_page_faults
            gauge:
              dataPoints:
                - asInt: "0"
                  startTimeUnixNano: "1000000"
                  timeUnixNano: "2000000"
            name: container.memory.major_page_faults
            unit: "1"
          - description: Container memory page_faults
            gauge:
              dataPoints:
                - asInt: "38148"
                  startTimeUnixNano: "1000000"
                  timeUnixNano: "2000000"
            name: container.memory.page_faults
            unit: "1"
          - description: Container memory rss
            gauge:
              dataPoints:
                - asInt: "8065024"
                  startTimeUnixNano: "1000000"
                  timeUnixNano: "2000000"
            name: container.memory.rss
            unit: By
          - description: Container memory usage
            gauge:
              dataPoints:
                - asInt: "9715712"
                  startTimeUnixNano: "1000000"
                  timeUnixNano: "2000000"
            name: container.memory.usage
            unit: By
          - description: Container memory working_set
            gauge:
              dataPoints:
                - asInt: "8736768"
                  startTimeUnixNano: "1000000"
                  timeUnixNano: "2000000"
            name: container.memory.working_set
            unit: By
        scope:
          name: github.com/open-telemetry/opentelemetry-collector-contrib/receiver/kubeletstatsreceiver
          version: latest
  - resource:
      attributes:
        - key: container.id
          value:
            stringValue: 765c28ca19767b2e
        - key: k8s.container.name
          value:
            stringValue: coredns
        - key: k8s.namespace.name
          value:
            stringValue: kube-system
        - key: k8s.pod.name
          value:
            stringValue: coredns-66bff467f8-58qvv
        - key: k8s.pod.uid
          value:
            stringValue: eb632b33-62c6-4a80-9575-a97ab363ad7f
    scopeMetrics:
      - metrics:
          - description: Total cumulative CPU time (sum of all cores) spent by the container/pod/node since its creation
            name: container.cpu.time
            sum:
              aggregationTemporality: 2
              dataPoints:
                - asDouble: 3.662885116
                  startTimeUnixNano: "1000000"
                  timeUnixNano: "2000000"
              isMonotonic: true
            unit: s
          - description: Container CPU utilization
            gauge:
              dataPoints:
                - asDouble: 0.004558032
                  startTimeUnixNano: "1000000"
                  timeUnixNano: "2000000"
            name: container.cpu.utilization
            unit: "1"
          - description: Container filesystem available
            gauge:
              dataPoints:
                - asInt: "13717454848"
                  startTimeUnixNano: "1000000"
                  timeUnixNano: "2000000"
            name: container.filesystem.available
            unit: By
          - description: Container filesystem capacity
            gauge:
              dataPoints:
                - asInt: "17361125376"
                  startTimeUnixNano: "1000000"
                  timeUnixNano: "2000000"
            name: container.filesystem.capacity
            unit: By
          - description: Container filesystem usage
            gauge:
              dataPoints:
                - asInt: "32768"
                  startTimeUnixNano: "1000000"
                  timeUnixNano: "2000000"
            name: container.filesystem.usage
            unit: By
          - description: Container memory available
            gauge:
              dataPoints:
                - asInt: "171999232"
                  startTimeUnixNano: "1000000"
                  timeUnixNano: "2000000"
            name: container.memory.available
            unit: By
          - description: Container memory major_page_faults
            gauge:
              dataPoints:
                - asInt: "0"
                  startTimeUnixNano: "1000000"
                  timeUnixNano: "2000000"
            name: container.memory.major_page_faults
            unit: "1"
          - description: Container memory page_faults
            gauge:
              dataPoints:
                - asInt: "5445"
                  startTimeUnixNano: "1000000"
                  timeUnixNano: "2000000"
            name: container.memory.page_faults
            unit: "1"
          - description: Container memory rss
            gauge:
              dataPoints:
                - asInt: "6828032"
                  startTimeUnixNano: "1000000"
                  timeUnixNano: "2000000"
            name: container.memory.rss
            unit: By
          - description: Container memory usage
            gauge:
              dataPoints:
                - asInt: "7962624"
                  startTimeUnixNano: "1000000"
                  timeUnixNano: "2000000"
            name: container.memory.usage
            unit: By
          - description: Container memory working_set
            gauge:
              dataPoints:
                - asInt: "6258688"
                  startTimeUnixNano: "1000000"
                  timeUnixNano: "2000000"
            name: container.memory.working_set
            unit: By
        scope:
          name: github.com/open-telemetry/opentelemetry-collector-contrib/receiver/kubeletstatsreceiver
          version: latest
  - resource:
      attributes:
        - key: container.id
          value:
            stringValue: b798809239aad09b
        - key: k8s.container.name
          value:
            stringValue: kube-apiserver
        - key: k8s.namespace.name
          value:
            stringValue: kube-system
        - key: k8s.pod.name
          value:
            stringValue: kube-apiserver-minikube
        - key: k8s.pod.uid
          value:
            stringValue: 3bef16d65fa74d46458df57d8f6f59af
    scopeMetrics:
      - metrics:
          - description: Total cumulative CPU time (sum of all cores) spent by the container/pod/node since its creation
            name: container.cpu.time
            sum:
              aggregationTemporality: 2
              dataPoints:
                - asDouble: 45.900186687
                  startTimeUnixNano: "1000000"
                  timeUnixNano: "2000000"
              isMonotonic: true
            unit: s
          - description: Container CPU utilization
            gauge:
              dataPoints:
                - asDouble: 0.046144879
                  startTimeUnixNano: "1000000"
                  timeUnixNano: "2000000"
            name: container.cpu.utilization
            unit: "1"
          - description: Container filesystem available
            gauge:
              dataPoints:
                - asInt: "13717454848"
                  startTimeUnixNano: "1000000"
                  timeUnixNano: "2000000"
            name: container.filesystem.available
            unit: By
          - description: Container filesystem capacity
            gauge:
              dataPoints:
                - asInt: "17361125376"
                  startTimeUnixNano: "1000000"
                  timeUnixNano: "2000000"
            name: container.filesystem.capacity
            unit: By
          - description: Container filesystem usage
            gauge:
              dataPoints:
                - asInt: "53248"
                  startTimeUnixNano: "1000000"
                  timeUnixNano: "2000000"
            name: container.filesystem.usage
            unit: By
          - description: Container memory available
            gauge:
              dataPoints:
                - asInt: "171589632"
                  startTimeUnixNano: "1000000"
                  timeUnixNano: "2000000"
            name: container.memory.available
            unit: By
          - description: Container memory major_page_faults
            gauge:
              dataPoints:
                - asInt: "0"
                  startTimeUnixNano: "1000000"
                  timeUnixNano: "2000000"
            name: container.memory.major_page_faults
            unit: "1"
          - description: Container memory page_faults
            gauge:
              dataPoints:
                - asInt: "78969"
                  startTimeUnixNano: "1000000"
                  timeUnixNano: "2000000"
            name: container.memory.page_faults
            unit: "1"
          - description: Container memory rss
            gauge:
              dataPoints:
                - asInt: "266645504"
                  startTimeUnixNano: "1000000"
                  timeUnixNano: "2000000"
            name: container.memory.rss
            unit: By
          - description: Container memory usage
            gauge:
              dataPoints:
                - asInt: "268869632"
                  startTimeUnixNano: "1000000"
                  timeUnixNano: "2000000"
            name: container.memory.usage
            unit: By
          - description: Container memory working_set
            gauge:
              dataPoints:
                - asInt: "243318784"
                  startTimeUnixNano: "1000000"
                  timeUnixNano: "2000000"
            name: container.memory.working_set
            unit: By
        scope:
          name: github.com/open-telemetry/opentelemetry-collector-contrib/receiver/kubeletstatsreceiver
          version: latest
  - resource:
      attributes:
        - key: container.id
          value:
            stringValue: baa7aaedeab79d38
        - key: k8s.container.name
          value:
            stringValue: etcd
        - key: k8s.namespace.name
          value:
            stringValue: kube-system
        - key: k8s.pod.name
          value:
            stringValue: etcd-minikube
        - key: k8s.pod.uid
          value:
            stringValue: 5a5fbd34cfb43ee7bee976798370c910
    scopeMetrics:
      - metrics:
          - description: Total cumulative CPU time (sum of all cores) spent by the container/pod/node since its creation
            name: container.cpu.time
            sum:
              aggregationTemporality: 2
              dataPoints:
                - asDouble: 20.061348607
                  startTimeUnixNano: "1000000"
                  timeUnixNano: "2000000"
              isMonotonic: true
            unit: s
          - description: Container CPU utilization
            gauge:
              dataPoints:
                - asDouble: 0.019865291
                  startTimeUnixNano: "1000000"
                  timeUnixNano: "2000000"
            name: container.cpu.utilization
            unit: "1"
          - description: Container filesystem available
            gauge:
              dataPoints:
                - asInt: "13717454848"
                  startTimeUnixNano: "1000000"
                  timeUnixNano: "2000000"
            name: container.filesystem.available
            unit: By
          - description: Container filesystem capacity
            gauge:
              dataPoints:
                - asInt: "17361125376"
                  startTimeUnixNano: "1000000"
                  timeUnixNano: "2000000"
            name: container.filesystem.capacity
            unit: By
          - description: Container filesystem usage
            gauge:
              dataPoints:
                - asInt: "32768"
                  startTimeUnixNano: "1000000"
                  timeUnixNano: "2000000"
            name: container.filesystem.usage
            unit: By
          - description: Container memory available
            gauge:
              dataPoints:
                - asInt: "171589632"
                  startTimeUnixNano: "1000000"
                  timeUnixNano: "2000000"
            name: container.memory.available
            unit: By
          - description: Container memory major_page_faults
            gauge:
              dataPoints:
                - asInt: "0"
                  startTimeUnixNano: "1000000"
                  timeUnixNano: "2000000"
            name: container.memory.major_page_faults
            unit: "1"
          - description: Container memory page_faults
            gauge:
              dataPoints:
                - asInt: "11088"
                  startTimeUnixNano: "1000000"
                  timeUnixNano: "2000000"
            name: container.memory.page_faults
            unit: "1"
          - description: Container memory rss
            gauge:
              dataPoints:
                - asInt: "31907840"
                  startTimeUnixNano: "1000000"
                  timeUnixNano: "2000000"
            name: container.memory.rss
            unit: By
          - description: Container memory usage
            gauge:
              dataPoints:
                - asInt: "38199296"
                  startTimeUnixNano: "1000000"
                  timeUnixNano: "2000000"
            name: container.memory.usage
            unit: By
          - description: Container memory working_set
            gauge:
              dataPoints:
                - asInt: "33415168"
                  startTimeUnixNano: "1000000"
                  timeUnixNano: "2000000"
            name: container.memory.working_set
            unit: By
        scope:
          name: github.com/open-telemetry/opentelemetry-collector-contrib/receiver/kubeletstatsreceiver
          version: latest
  - resource:
      attributes:
        - key: container.id
          value:
            stringValue: bcaf30860852fd24
        - key: k8s.container.name
          value:
            stringValue: storage-provisioner
        - key: k8s.namespace.name
          value:
            stringValue: kube-system
        - key: k8s.pod.name
          value:
            stringValue: storage-provisioner
        - key: k8s.pod.uid
          value:
            stringValue: 14bf95e0-9451-4192-b111-807b03163670
    scopeMetrics:
      - metrics:
          - description: Total cumulative CPU time (sum of all cores) spent by the container/pod/node since its creation
            name: container.cpu.time
            sum:
              aggregationTemporality: 2
              dataPoints:
                - asDouble: 1.196195093
                  startTimeUnixNano: "1000000"
                  timeUnixNano: "2000000"
              isMonotonic: true
            unit: s
          - description: Container CPU utilization
            gauge:
              dataPoints:
                - asDouble: 0.00032689
                  startTimeUnixNano: "1000000"
                  timeUnixNano: "2000000"
            name: container.cpu.utilization
            unit: "1"
          - description: Container filesystem available
            gauge:
              dataPoints:
                - asInt: "13717454848"
                  startTimeUnixNano: "1000000"
                  timeUnixNano: "2000000"
            name: container.filesystem.available
            unit: By
          - description: Container filesystem capacity
            gauge:
              dataPoints:
                - asInt: "17361125376"
                  startTimeUnixNano: "1000000"
                  timeUnixNano: "2000000"
            name: container.filesystem.capacity
            unit: By
          - description: Container filesystem usage
            gauge:
              dataPoints:
                - asInt: "28672"
                  startTimeUnixNano: "1000000"
                  timeUnixNano: "2000000"
            name: container.filesystem.usage
            unit: By
          - description: Container memory available
            gauge:
              dataPoints:
                - asInt: "171589632"
                  startTimeUnixNano: "1000000"
                  timeUnixNano: "2000000"
            name: container.memory.available
            unit: By
          - description: Container memory major_page_faults
            gauge:
              dataPoints:
                - asInt: "0"
                  startTimeUnixNano: "1000000"
                  timeUnixNano: "2000000"
            name: container.memory.major_page_faults
            unit: "1"
          - description: Container memory page_faults
            gauge:
              dataPoints:
                - asInt: "8481"
                  startTimeUnixNano: "1000000"
                  timeUnixNano: "2000000"
            name: container.memory.page_faults
            unit: "1"
          - description: Container memory rss
            gauge:
              dataPoints:
                - asInt: "12865536"
                  startTimeUnixNano: "1000000"
                  timeUnixNano: "2000000"
            name: container.memory.rss
            unit: By
          - description: Container memory usage
            gauge:
              dataPoints:
                - asInt: "13877248"
                  startTimeUnixNano: "1000000"
                  timeUnixNano: "2000000"
            name: container.memory.usage
            unit: By
          - description: Container memory working_set
            gauge:
              dataPoints:
                - asInt: "13877248"
                  startTimeUnixNano: "1000000"
                  timeUnixNano: "2000000"
            name: container.memory.working_set
            unit: By
        scope:
          name: github.com/open-telemetry/opentelemetry-collector-contrib/receiver/kubeletstatsreceiver
          version: latest
  - resource:
      attributes:
        - key: container.id
          value:
            stringValue: bd76db53336d07eb
        - key: k8s.container.name
          value:
            stringValue: coredns
        - key: k8s.namespace.name
          value:
            stringValue: kube-system
        - key: k8s.pod.name
          value:
            stringValue: coredns-66bff467f8-szddj
        - key: k8s.pod.uid
          value:
            stringValue: 0adffe8e-9849-4e05-b4cd-92d2d1e1f1c3
    scopeMetrics:
      - metrics:
          - description: Total cumulative CPU time (sum of all cores) spent by the container/pod/node since its creation
            name: container.cpu.time
            sum:
              aggregationTemporality: 2
              dataPoints:
                - asDouble: 2.727333643
                  startTimeUnixNano: "1000000"
                  timeUnixNano: "2000000"
              isMonotonic: true
            unit: s
          - description: Container CPU utilization
            gauge:
              dataPoints:
                - asDouble: 0.003508506
                  startTimeUnixNano: "1000000"
                  timeUnixNano: "2000000"
            name: container.cpu.utilization
            unit: "1"
          - description: Container filesystem available
            gauge:
              dataPoints:
                - asInt: "13717454848"
                  startTimeUnixNano: "1000000"
                  timeUnixNano: "2000000"
            name: container.filesystem.available
            unit: By
          - description: Container filesystem capacity
            gauge:
              dataPoints:
                - asInt: "17361125376"
                  startTimeUnixNano: "1000000"
                  timeUnixNano: "2000000"
            name: container.filesystem.capacity
            unit: By
          - description: Container filesystem usage
            gauge:
              dataPoints:
                - asInt: "32768"
                  startTimeUnixNano: "1000000"
                  timeUnixNano: "2000000"
            name: container.filesystem.usage
            unit: By
          - description: Container memory available
            gauge:
              dataPoints:
                - asInt: "172007424"
                  startTimeUnixNano: "1000000"
                  timeUnixNano: "2000000"
            name: container.memory.available
            unit: By
          - description: Container memory major_page_faults
            gauge:
              dataPoints:
                - asInt: "0"
                  startTimeUnixNano: "1000000"
                  timeUnixNano: "2000000"
            name: container.memory.major_page_faults
            unit: "1"
          - description: Container memory page_faults
            gauge:
              dataPoints:
                - asInt: "5445"
                  startTimeUnixNano: "1000000"
                  timeUnixNano: "2000000"
            name: container.memory.page_faults
            unit: "1"
          - description: Container memory rss
            gauge:
              dataPoints:
                - asInt: "6807552"
                  startTimeUnixNano: "1000000"
                  timeUnixNano: "2000000"
            name: container.memory.rss
            unit: By
          - description: Container memory usage
            gauge:
              dataPoints:
                - asInt: "7942144"
                  startTimeUnixNano: "1000000"
                  timeUnixNano: "2000000"
            name: container.memory.usage
            unit: By
          - description: Container memory working_set
            gauge:
              dataPoints:
                - asInt: "6250496"
                  startTimeUnixNano: "1000000"
                  timeUnixNano: "2000000"
            name: container.memory.working_set
            unit: By
        scope:
          name: github.com/open-telemetry/opentelemetry-collector-contrib/receiver/kubeletstatsreceiver
          version: latest
  - resource:
      attributes:
        - key: container.id
          value:
            stringValue: bddddc92226476d2
        - key: k8s.container.name
          value:
            stringValue: kube-controller-manager
        - key: k8s.namespace.name
          value:
            stringValue: kube-system
        - key: k8s.pod.name
          value:
            stringValue: kube-controller-manager-minikube
        - key: k8s.pod.uid
          value:
            stringValue: 3016593d20758bbfe68aba26604a8e3d
    scopeMetrics:
      - metrics:
          - description: Total cumulative CPU time (sum of all cores) spent by the container/pod/node since its creation
            name: container.cpu.time
            sum:
              aggregationTemporality: 2
              dataPoints:
                - asDouble: 16.885222421
                  startTimeUnixNano: "1000000"
                  timeUnixNano: "2000000"
              isMonotonic: true
            unit: s
          - description: Container CPU utilization
            gauge:
              dataPoints:
                - asDouble: 0.018247146
                  startTimeUnixNano: "1000000"
                  timeUnixNano: "2000000"
            name: container.cpu.utilization
            unit: "1"
          - description: Container filesystem available
            gauge:
              dataPoints:
                - asInt: "13717454848"
                  startTimeUnixNano: "1000000"
                  timeUnixNano: "2000000"
            name: container.filesystem.available
            unit: By
          - description: Container filesystem capacity
            gauge:
              dataPoints:
                - asInt: "17361125376"
                  startTimeUnixNano: "1000000"
                  timeUnixNano: "2000000"
            name: container.filesystem.capacity
            unit: By
          - description: Container filesystem usage
            gauge:
              dataPoints:
                - asInt: "77824"
                  startTimeUnixNano: "1000000"
                  timeUnixNano: "2000000"
            name: container.filesystem.usage
            unit: By
          - description: Container memory available
            gauge:
              dataPoints:
                - asInt: "171589632"
                  startTimeUnixNano: "1000000"
                  timeUnixNano: "2000000"
            name: container.memory.available
            unit: By
          - description: Container memory major_page_faults
            gauge:
              dataPoints:
                - asInt: "0"
                  startTimeUnixNano: "1000000"
                  timeUnixNano: "2000000"
            name: container.memory.major_page_faults
            unit: "1"
          - description: Container memory page_faults
            gauge:
              dataPoints:
                - asInt: "14751"
                  startTimeUnixNano: "1000000"
                  timeUnixNano: "2000000"
            name: container.memory.page_faults
            unit: "1"
          - description: Container memory rss
            gauge:
              dataPoints:
                - asInt: "36741120"
                  startTimeUnixNano: "1000000"
                  timeUnixNano: "2000000"
            name: container.memory.rss
            unit: By
          - description: Container memory usage
            gauge:
              dataPoints:
                - asInt: "38068224"
                  startTimeUnixNano: "1000000"
                  timeUnixNano: "2000000"
            name: container.memory.usage
            unit: By
          - description: Container memory working_set
            gauge:
              dataPoints:
                - asInt: "37040128"
                  startTimeUnixNano: "1000000"
                  timeUnixNano: "2000000"
            name: container.memory.working_set
            unit: By
        scope:
          name: github.com/open-telemetry/opentelemetry-collector-contrib/receiver/kubeletstatsreceiver
          version: latest
  - resource:
      attributes:
        - key: container.id
          value:
            stringValue: c3d470faf18eba2b
        - key: k8s.container.name
          value:
            stringValue: server
        - key: k8s.namespace.name
          value:
            stringValue: default
        - key: k8s.pod.name
          value:
            stringValue: go-hello-world-5456b4b8cd-99vxc
        - key: k8s.pod.uid
          value:
            stringValue: 42ad382b-ed0b-446d-9aab-3fdce8b4f9e2
    scopeMetrics:
      - metrics:
          - description: Total cumulative CPU time (sum of all cores) spent by the container/pod/node since its creation
            name: container.cpu.time
            sum:
              aggregationTemporality: 2
              dataPoints:
                - asDouble: 0.271467923
                  startTimeUnixNano: "1000000"
                  timeUnixNano: "2000000"
              isMonotonic: true
            unit: s
          - description: Container CPU utilization
            gauge:
              dataPoints:
                - asDouble: 0
                  startTimeUnixNano: "1000000"
                  timeUnixNano: "2000000"
            name: container.cpu.utilization
            unit: "1"
          - description: Container filesystem available
            gauge:
              dataPoints:
                - asInt: "13717454848"
                  startTimeUnixNano: "1000000"
                  timeUnixNano: "2000000"
            name: container.filesystem.available
            unit: By
          - description: Container filesystem capacity
            gauge:
              dataPoints:
                - asInt: "17361125376"
                  startTimeUnixNano: "1000000"
                  timeUnixNano: "2000000"
            name: container.filesystem.capacity
            unit: By
          - description: Container filesystem usage
            gauge:
              dataPoints:
                - asInt: "36864"
                  startTimeUnixNano: "1000000"
                  timeUnixNano: "2000000"
            name: container.filesystem.usage
            unit: By
          - description: Container memory available
            gauge:
              dataPoints:
                - asInt: "171589632"
                  startTimeUnixNano: "1000000"
                  timeUnixNano: "2000000"
            name: container.memory.available
            unit: By
          - description: Container memory major_page_faults
            gauge:
              dataPoints:
                - asInt: "0"
                  startTimeUnixNano: "1000000"
                  timeUnixNano: "2000000"
            name: container.memory.major_page_faults
            unit: "1"
          - description: Container memory page_faults
            gauge:
              dataPoints:
                - asInt: "9702"
                  startTimeUnixNano: "1000000"
                  timeUnixNano: "2000000"
            name: container.memory.page_faults
            unit: "1"
          - description: Container memory rss
            gauge:
              dataPoints:
                - asInt: "23523328"
                  startTimeUnixNano: "1000000"
                  timeUnixNano: "2000000"
            name: container.memory.rss
            unit: By
          - description: Container memory usage
            gauge:
              dataPoints:
                - asInt: "25088000"
                  startTimeUnixNano: "1000000"
                  timeUnixNano: "2000000"
            name: container.memory.usage
            unit: By
          - description: Container memory working_set
            gauge:
              dataPoints:
                - asInt: "25083904"
                  startTimeUnixNano: "1000000"
                  timeUnixNano: "2000000"
            name: container.memory.working_set
            unit: By
        scope:
          name: github.com/open-telemetry/opentelemetry-collector-contrib/receiver/kubeletstatsreceiver
          version: latest
