resourceMetrics:
  - resource:
      attributes:
        - key: k8s.namespace.name
          value:
            stringValue: default
        - key: k8s.pod.name
          value:
            stringValue: go-hello-world-5456b4b8cd-99vxc
        - key: k8s.pod.uid
          value:
            stringValue: 42ad382b-ed0b-446d-9aab-3fdce8b4f9e2
    scopeMetrics:
      - metrics:
          - description: Pod memory utilization as a ratio of the node's capacity
            gauge:
              dataPoints:
                - asDouble: 0.0007715093073060003
                  startTimeUnixNano: "1000000"
                  timeUnixNano: "2000000"
            name: k8s.pod.memory.node.utilization
            unit: "1"
        scope:
          name: otelcol/kubeletstatsreceiver
          version: latest
  - resource:
      attributes:
        - key: k8s.namespace.name
          value:
            stringValue: kube-system
        - key: k8s.pod.name
          value:
            stringValue: coredns-66bff467f8-58qvv
        - key: k8s.pod.uid
          value:
            stringValue: eb632b33-62c6-4a80-9575-a97ab363ad7f
    scopeMetrics:
      - metrics:
          - description: Pod memory utilization as a ratio of the node's capacity
            gauge:
              dataPoints:
                - asDouble: 0.0002510691011198001
                  startTimeUnixNano: "1000000"
                  timeUnixNano: "2000000"
            name: k8s.pod.memory.node.utilization
            unit: "1"
        scope:
          name: otelcol/kubeletstatsreceiver
          version: latest
  - resource:
      attributes:
        - key: k8s.namespace.name
          value:
            stringValue: kube-system
        - key: k8s.pod.name
          value:
            stringValue: coredns-66bff467f8-szddj
        - key: k8s.pod.uid
          value:
            stringValue: 0adffe8e-9849-4e05-b4cd-92d2d1e1f1c3
    scopeMetrics:
      - metrics:
          - description: Pod memory utilization as a ratio of the node's capacity
            gauge:
              dataPoints:
                - asDouble: 0.00025868470007744574
                  startTimeUnixNano: "1000000"
                  timeUnixNano: "2000000"
            name: k8s.pod.memory.node.utilization
            unit: "1"
        scope:
          name: otelcol/kubeletstatsreceiver
          version: latest
  - resource:
      attributes:
        - key: k8s.namespace.name
          value:
            stringValue: kube-system
        - key: k8s.pod.name
          value:
            stringValue: etcd-minikube
        - key: k8s.pod.uid
          value:
            stringValue: 5a5fbd34cfb43ee7bee976798370c910
    scopeMetrics:
      - metrics:
          - description: Pod memory utilization as a ratio of the node's capacity
            gauge:
              dataPoints:
                - asDouble: 0.0011626071634534775
                  startTimeUnixNano: "1000000"
                  timeUnixNano: "2000000"
            name: k8s.pod.memory.node.utilization
            unit: "1"
        scope:
          name: otelcol/kubeletstatsreceiver
          version: latest
  - resource:
      attributes:
        - key: k8s.namespace.name
          value:
            stringValue: kube-system
        - key: k8s.pod.name
          value:
            stringValue: kube-apiserver-minikube
        - key: k8s.pod.uid
          value:
            stringValue: 3bef16d65fa74d46458df57d8f6f59af
    scopeMetrics:
      - metrics:
          - description: Pod memory utilization as a ratio of the node's capacity
            gauge:
              dataPoints:
                - asDouble: 0.008080641823026992
                  startTimeUnixNano: "1000000"
                  timeUnixNano: "2000000"
            name: k8s.pod.memory.node.utilization
            unit: "1"
        scope:
          name: otelcol/kubeletstatsreceiver
          version: latest
  - resource:
      attributes:
        - key: k8s.namespace.name
          value:
            stringValue: kube-system
        - key: k8s.pod.name
          value:
            stringValue: kube-controller-manager-minikube
        - key: k8s.pod.uid
          value:
            stringValue: 3016593d20758bbfe68aba26604a8e3d
    scopeMetrics:
      - metrics:
          - description: Pod memory utilization as a ratio of the node's capacity
            gauge:
              dataPoints:
                - asDouble: 0.0011606418475934401
                  startTimeUnixNano: "1000000"
                  timeUnixNano: "2000000"
            name: k8s.pod.memory.node.utilization
            unit: "1"
        scope:
          name: otelcol/kubeletstatsreceiver
          version: latest
  - resource:
      attributes:
        - key: k8s.namespace.name
          value:
            stringValue: kube-system
        - key: k8s.pod.name
          value:
            stringValue: kube-proxy-v48tf
        - key: k8s.pod.uid
          value:
            stringValue: 0a6d6b05-0e8d-4920-8a38-926a33164d45
    scopeMetrics:
      - metrics:
          - description: Pod memory utilization as a ratio of the node's capacity
            gauge:
              dataPoints:
                - asDouble: 0.0003083089255433945
                  startTimeUnixNano: "1000000"
                  timeUnixNano: "2000000"
            name: k8s.pod.memory.node.utilization
            unit: "1"
        scope:
          name: otelcol/kubeletstatsreceiver
          version: latest
  - resource:
      attributes:
        - key: k8s.namespace.name
          value:
            stringValue: kube-system
        - key: k8s.pod.name
          value:
            stringValue: kube-scheduler-minikube
        - key: k8s.pod.uid
          value:
            stringValue: 5795d0c442cb997ff93c49feeb9f6386
    scopeMetrics:
      - metrics:
          - description: Pod memory utilization as a ratio of the node's capacity
            gauge:
              dataPoints:
                - asDouble: 0.0004285616897294436
                  startTimeUnixNano: "1000000"
                  timeUnixNano: "2000000"
            name: k8s.pod.memory.node.utilization
            unit: "1"
        scope:
          name: otelcol/kubeletstatsreceiver
          version: latest
  - resource:
      attributes:
        - key: k8s.namespace.name
          value:
            stringValue: kube-system
        - key: k8s.pod.name
          value:
            stringValue: storage-provisioner
        - key: k8s.pod.uid
          value:
            stringValue: 14bf95e0-9451-4192-b111-807b03163670
    scopeMetrics:
      - metrics:
          - description: Pod memory utilization as a ratio of the node's capacity
            gauge:
              dataPoints:
                - asDouble: 0.00043052700558948113
                  startTimeUnixNano: "1000000"
                  timeUnixNano: "2000000"
            name: k8s.pod.memory.node.utilization
            unit: "1"
        scope:
          name: otelcol/kubeletstatsreceiver
          version: latest
  - resource:
      attributes:
        - key: k8s.container.name
          value:
            stringValue: coredns
        - key: k8s.namespace.name
          value:
            stringValue: kube-system
        - key: k8s.pod.name
          value:
            stringValue: coredns-66bff467f8-58qvv
        - key: k8s.pod.uid
          value:
            stringValue: eb632b33-62c6-4a80-9575-a97ab363ad7f
    scopeMetrics:
      - metrics:
          - description: Container memory utilization as a ratio of the node's capacity
            gauge:
              dataPoints:
                - asDouble: 0.00023878587699456528
                  startTimeUnixNano: "1000000"
                  timeUnixNano: "2000000"
            name: k8s.container.memory.node.utilization
            unit: "1"
        scope:
          name: otelcol/kubeletstatsreceiver
          version: latest
  - resource:
      attributes:
        - key: k8s.container.name
          value:
            stringValue: coredns
        - key: k8s.namespace.name
          value:
            stringValue: kube-system
        - key: k8s.pod.name
          value:
            stringValue: coredns-66bff467f8-szddj
        - key: k8s.pod.uid
          value:
            stringValue: 0adffe8e-9849-4e05-b4cd-92d2d1e1f1c3
    scopeMetrics:
      - metrics:
          - description: Container memory utilization as a ratio of the node's capacity
            gauge:
              dataPoints:
                - asDouble: 0.00023817171578830354
                  startTimeUnixNano: "1000000"
                  timeUnixNano: "2000000"
            name: k8s.container.memory.node.utilization
            unit: "1"
        scope:
          name: otelcol/kubeletstatsreceiver
          version: latest
  - resource:
      attributes:
        - key: k8s.container.name
          value:
            stringValue: etcd
        - key: k8s.namespace.name
          value:
            stringValue: kube-system
        - key: k8s.pod.name
          value:
            stringValue: etcd-minikube
        - key: k8s.pod.uid
          value:
            stringValue: 5a5fbd34cfb43ee7bee976798370c910
    scopeMetrics:
      - metrics:
          - description: Container memory utilization as a ratio of the node's capacity
            gauge:
              dataPoints:
                - asDouble: 0.001145533481919401
                  startTimeUnixNano: "1000000"
                  timeUnixNano: "2000000"
            name: k8s.container.memory.node.utilization
            unit: "1"
        scope:
          name: otelcol/kubeletstatsreceiver
          version: latest
  - resource:
      attributes:
        - key: k8s.container.name
          value:
            stringValue: kube-apiserver
        - key: k8s.namespace.name
          value:
            stringValue: kube-system
        - key: k8s.pod.name
          value:
            stringValue: kube-apiserver-minikube
        - key: k8s.pod.uid
          value:
            stringValue: 3bef16d65fa74d46458df57d8f6f59af
    scopeMetrics:
      - metrics:
          - description: Container memory utilization as a ratio of the node's capacity
            gauge:
              dataPoints:
                - asDouble: 0.008062953980286653
                  startTimeUnixNano: "1000000"
                  timeUnixNano: "2000000"
            name: k8s.container.memory.node.utilization
            unit: "1"
        scope:
          name: otelcol/kubeletstatsreceiver
          version: latest
  - resource:
      attributes:
        - key: k8s.container.name
          value:
            stringValue: kube-controller-manager
        - key: k8s.namespace.name
          value:
            stringValue: kube-system
        - key: k8s.pod.name
          value:
            stringValue: kube-controller-manager-minikube
        - key: k8s.pod.uid
          value:
            stringValue: 3016593d20758bbfe68aba26604a8e3d
    scopeMetrics:
      - metrics:
          - description: Container memory utilization as a ratio of the node's capacity
            gauge:
              dataPoints:
                - asDouble: 0.0011416028501993261
                  startTimeUnixNano: "1000000"
                  timeUnixNano: "2000000"
            name: k8s.container.memory.node.utilization
            unit: "1"
        scope:
          name: otelcol/kubeletstatsreceiver
          version: latest
  - resource:
      attributes:
        - key: k8s.container.name
          value:
            stringValue: kube-proxy
        - key: k8s.namespace.name
          value:
            stringValue: kube-system
        - key: k8s.pod.name
          value:
            stringValue: kube-proxy-v48tf
        - key: k8s.pod.uid
          value:
            stringValue: 0a6d6b05-0e8d-4920-8a38-926a33164d45
    scopeMetrics:
      - metrics:
          - description: Container memory utilization as a ratio of the node's capacity
            gauge:
              dataPoints:
                - asDouble: 0.0002913580762505704
                  startTimeUnixNano: "1000000"
                  timeUnixNano: "2000000"
            name: k8s.container.memory.node.utilization
            unit: "1"
        scope:
          name: otelcol/kubeletstatsreceiver
          version: latest
  - resource:
      attributes:
        - key: k8s.container.name
          value:
            stringValue: kube-scheduler
        - key: k8s.namespace.name
          value:
            stringValue: kube-system
        - key: k8s.pod.name
          value:
            stringValue: kube-scheduler-minikube
        - key: k8s.pod.uid
          value:
            stringValue: 5795d0c442cb997ff93c49feeb9f6386
    scopeMetrics:
      - metrics:
          - description: Container memory utilization as a ratio of the node's capacity
            gauge:
              dataPoints:
                - asDouble: 0.0004108738469891054
                  startTimeUnixNano: "1000000"
                  timeUnixNano: "2000000"
            name: k8s.container.memory.node.utilization
            unit: "1"
        scope:
          name: otelcol/kubeletstatsreceiver
          version: latest
  - resource:
      attributes:
        - key: k8s.container.name
          value:
            stringValue: server
        - key: k8s.namespace.name
          value:
            stringValue: default
        - key: k8s.pod.name
          value:
            stringValue: go-hello-world-5456b4b8cd-99vxc
        - key: k8s.pod.uid
          value:
            stringValue: 42ad382b-ed0b-446d-9aab-3fdce8b4f9e2
    scopeMetrics:
      - metrics:
          - description: Container memory utilization as a ratio of the node's capacity
            gauge:
              dataPoints:
                - asDouble: 0.000752347477670634
                  startTimeUnixNano: "1000000"
                  timeUnixNano: "2000000"
            name: k8s.container.memory.node.utilization
            unit: "1"
        scope:
          name: otelcol/kubeletstatsreceiver
          version: latest
  - resource:
      attributes:
        - key: k8s.container.name
          value:
            stringValue: storage-provisioner
        - key: k8s.namespace.name
          value:
            stringValue: kube-system
        - key: k8s.pod.name
          value:
            stringValue: storage-provisioner
        - key: k8s.pod.uid
          value:
            stringValue: 14bf95e0-9451-4192-b111-807b03163670
    scopeMetrics:
      - metrics:
          - description: Container memory utilization as a ratio of the node's capacity
            gauge:
              dataPoints:
                - asDouble: 0.00041615563336295635
                  startTimeUnixNano: "1000000"
                  timeUnixNano: "2000000"
            name: k8s.container.memory.node.utilization
            unit: "1"
        scope:
          name: otelcol/kubeletstatsreceiver
          version: latest
