resourceMetrics:
  - resource:
     attributes:
        - key: a
          value:
            stringValue: BBB
    scopeMetrics:
      - metrics:
          - description: Sort + Timestamp normalization (full standardize)
            name: test.b
            sum:
              aggregationTemporality: 2
              dataPoints:
                - asInt: "2"
                  attributes:
                    - key: b
                      value:
                        stringValue: b
                  startTimeUnixNano: "3333333333333333333"
                  timeUnixNano: "2222222222222222222"
                - asInt: "3"
                  attributes:
                    - key: a
                      value:
                        stringValue: a
                  startTimeUnixNano: "1924857624581089658"
                  timeUnixNano: "2222222222222222222"
                - asInt: "4"
                  attributes:
                    - key: d
                      value:
                        stringValue: d
                  startTimeUnixNano: "1924857624581089658"
                  timeUnixNano: "1111111111111111111"
                - asInt: "4"
                  attributes:
                    - key: a
                      value:
                        stringValue: b
                  startTimeUnixNano: "1924857624581089658"
                  timeUnixNano: "4444444444444444444"
                - asInt: "5"
                  attributes:
                    - key: d
                      value:
                        stringValue: d
                  startTimeUnixNano: "1924857624581089658"
                  timeUnixNano: "7777777777777777777"
                - asInt: "1"
                  attributes:
                    - key: a
                      value:
                        stringValue: a
                  startTimeUnixNano: "1111111111111111111"
                  timeUnixNano: "5555555555555555555"
                - asInt: "6"
                  attributes:
                    - key: a
                      value:
                        stringValue: a
                  startTimeUnixNano: "1924857624581089658"
                  timeUnixNano: "8888888888888888888"
              isMonotonic: true
            unit: By
          - description: Sort + Timestamp normalization (full standardize) second test
            name: test.a
            sum:
              aggregationTemporality: 2
              dataPoints:
                - asInt: "1"
                  attributes:
                    - key: a
                      value:
                        stringValue: a
                  startTimeUnixNano: "1111111111111111111"
                  timeUnixNano: "5555555555555555555"
                - asInt: "2"
                  attributes:
                    - key: b
                      value:
                        stringValue: b
                  startTimeUnixNano: "3333333333333333333"
                  timeUnixNano: "2222222222222222222"
                - asInt: "3"
                  attributes:
                    - key: a
                      value:
                        stringValue: a
                  startTimeUnixNano: "1924857624581089658"
                  timeUnixNano: "2222222222222222222"
                - asInt: "4"
                  attributes:
                    - key: d
                      value:
                        stringValue: d
                  startTimeUnixNano: "1924857624581089658"
                  timeUnixNano: "8888883333333333333"
                - asInt: "5"
                  attributes:
                    - key: d
                      value:
                        stringValue: d
                  startTimeUnixNano: "1924857624581089658"
                  timeUnixNano: "1111111111111111111"
                - asInt: "6"
                  attributes:
                    - key: a
                      value:
                        stringValue: a
                  startTimeUnixNano: "1924857624581089658"
                  timeUnixNano: "8888888888888888888"
              isMonotonic: true
            unit: By
        scope:
          attributes:
            - key: b
              value:
                stringValue: BBB
          name: github.com/open-telemetry/opentelemetry-collector-contrib/receiver/standardization
          version: latest
  - resource:
      attributes:
        - key: a
          value:
            stringValue: AAAA
    scopeMetrics:
      - metrics:
          - description: Fake Metric
            name: storage.amplitude
            sum:
              aggregationTemporality: 2
              dataPoints:
                - asInt: "0"
                  attributes:
                    - key: a
                      value:
                        stringValue: AAAA
                  startTimeUnixNano: "1924857624581089658"
                  timeUnixNano: "9999999999999999999"
                - asInt: "0"
                  attributes:
                    - key: a
                      value:
                        stringValue: AAAA
                  startTimeUnixNano: "1924857624581089658"
                  timeUnixNano: "8888888888888888888"
              isMonotonic: false
            unit: "1"
        scope:
          name: github.com/open-telemetry/opentelemetry-collector-contrib/receiver/anotherfakereceiver
          version: latest
          attributes:
            - key: a
              value:
                stringValue: CCCC
      - metrics:
          - description: Yet another fake metric for test
            name: storage.amplitude
            sum:
              aggregationTemporality: 2
              dataPoints:
                - asInt: "0"
                  attributes:
                    - key: d
                      value:
                        stringValue: AAAA
                  startTimeUnixNano: "1924857624581089658"
                  timeUnixNano: "4444444444444444444"
                - asInt: "0"
                  attributes:
                    - key: a
                      value:
                        stringValue: BBBB
                  startTimeUnixNano: "1924857624581089658"
                  timeUnixNano: "1111111111111111111"
                - asInt: "30"
                  attributes:
                    - key: a
                      value:
                        stringValue: AAAA
                  startTimeUnixNano: "1924857624581089658"
                  timeUnixNano: "9999999999999999999"
                - asInt: "10"
                  attributes:
                    - key: a
                      value:
                        stringValue: AAAA
                  startTimeUnixNano: "1924857624581089658"
                  timeUnixNano: "8888888888888888888"
                - asInt: "30"
                  attributes:
                    - key: a
                      value:
                        stringValue: AAAA
                  startTimeUnixNano: "1924857624581089658"
                  timeUnixNano: "2222222222222222222"
              isMonotonic: false
            unit: "1"
        scope:
          name: github.com/open-telemetry/opentelemetry-collector-contrib/receiver/FakeMetric
          version: latest
          attributes:
            - key: a
              value:
                stringValue: AAA
