resourceLogs:
  - resource: {}
    scopeLogs:
      - logRecords:
          - attributes:
              - key: cloud.resource_id
                value:
                  stringValue: /RESOURCE_ID
              - key: cloud.provider
                value:
                  stringValue: azure
              - key: event.name
                value:
                  stringValue: az.resource.log
            body:
              kvlistValue:
                values:
                  - key: category
                    value:
                      stringValue: ApplicationGatewayAccessLog
                  - key: operation.name
                    value:
                      stringValue: ApplicationGatewayAccess
                  - key: properties
                    value:
                      kvlistValue:
                        values:
                          - key: requestQuery
                            value:
                              stringValue: ""
                          - key: serverResponseLatency
                            value:
                              stringValue: "0.028"
                          - key: httpVersion
                            value:
                              stringValue: HTTP/1.1
                          - key: sentBytes
                            value:
                              doubleValue: 466
                          - key: sslProtocol
                            value:
                              stringValue: TLSv1.2
                          - key: serverRouted
                            value:
                              stringValue: 52.239.221.65:443
                          - key: WAFEvaluationTime
                            value:
                              stringValue: "0.000"
                          - key: sslClientCertificateFingerprint
                            value:
                              stringValue: ""
                          - key: sslClientVerify
                            value:
                              stringValue: NONE
                          - key: serverStatus
                            value:
                              stringValue: "200"
                          - key: instanceId
                            value:
                              stringValue: appgw_2
                          - key: clientIP
                            value:
                              stringValue: 185.42.129.24
                          - key: httpStatus
                            value:
                              doubleValue: 200
                          - key: upstreamSourcePort
                            value:
                              stringValue: "21564"
                          - key: host
                            value:
                              stringValue: 20.110.30.194
                          - key: clientResponseTime
                            value:
                              doubleValue: 0
                          - key: originalRequestUriWithArgs
                            value:
                              stringValue: /
                          - key: clientPort
                            value:
                              doubleValue: 45057
                          - key: httpMethod
                            value:
                              stringValue: GET
                          - key: originalHost
                            value:
                              stringValue: 20.110.30.194
                          - key: timeTaken
                            value:
                              doubleValue: 0.034
                          - key: userAgent
                            value:
                              stringValue: Mozilla/5.0 (Windows NT 6.1; WOW64) AppleWebKit/537.36 (KHTML, like Gecko) Chrome/52.0.2743.116 Safari/537.36
                          - key: WAFMode
                            value:
                              stringValue: Detection
                          - key: transactionId
                            value:
                              stringValue: 592d1649f75a8d480a3c4dc6a975309d
                          - key: sslEnabled
                            value:
                              stringValue: "on"
                          - key: sslClientCertificateIssuerName
                            value:
                              stringValue: ""
                          - key: sslCipher
                            value:
                              stringValue: ECDHE-RSA-AES256-GCM-SHA384
                          - key: requestUri
                            value:
                              stringValue: /
                          - key: receivedBytes
                            value:
                              doubleValue: 184
            spanId: ""
            timeUnixNano: "1634249831000000000"
            traceId: ""
        scope:
          name: otelcol/azureresourcelogs
          version: 1.2.3
