resourceLogs:
  - resource:
      attributes:
        - key: testKey1
          value:
            stringValue: teststringvalue1
        - key: testKey2
          value:
            stringValue: teststringvalue2
    scopeLogs:
      - logRecords:
          - attributes:
              - key: testKey1
                value:
                  stringValue: teststringvalue1
              - key: testKey2
                value:
                  stringValue: teststringvalue2
            body:
              stringValue: testscopevalue1
            observedTimeUnixNano: "11651379494838206464"
            severityNumber: 9
            severityText: TEST
            spanId: ""
            timeUnixNano: "11651379494838206464"
            traceId: ""
        scope:
          name: collector
          version: v0.1.0
