- targets:
    - 172.168.1.0:2113
  labels:
    __meta_ecs_cluster_name: ut-cluster-1
    __meta_ecs_container_labels_MY_JOB_NAME: PROM_JOB_1
    __meta_ecs_container_labels_MY_METRICS_PATH: /new/metrics
    __meta_ecs_container_labels_PROMETHEUS_PORT: "2112"
    __meta_ecs_container_name: c1
    __meta_ecs_health_status: ""
    __meta_ecs_source: t0
    __meta_ecs_task_definition_family: ""
    __meta_ecs_task_definition_revision: "0"
    __meta_ecs_task_group: ""
    __meta_ecs_task_launch_type: FARGATE
    __meta_ecs_task_started_by: deploy0
    __metrics_path__: /new/metrics
    prometheus_job: PROM_JOB_1
- targets:
    - 172.168.1.1:2113
  labels:
    __meta_ecs_cluster_name: ut-cluster-1
    __meta_ecs_container_labels_MY_JOB_NAME: PROM_JOB_1
    __meta_ecs_container_labels_MY_METRICS_PATH: /new/metrics
    __meta_ecs_container_labels_PROMETHEUS_PORT: "2112"
    __meta_ecs_container_name: c1
    __meta_ecs_health_status: ""
    __meta_ecs_source: t1
    __meta_ecs_task_definition_family: ""
    __meta_ecs_task_definition_revision: "0"
    __meta_ecs_task_group: ""
    __meta_ecs_task_launch_type: FARGATE
    __meta_ecs_task_started_by: deploy0
    __metrics_path__: /new/metrics
    prometheus_job: PROM_JOB_1
- targets:
    - 172.168.2.1:2117
  labels:
    __meta_ecs_cluster_name: ut-cluster-1
    __meta_ecs_container_labels_MY_JOB_NAME: PROM_JOB_1
    __meta_ecs_container_labels_MY_METRICS_PATH: /new/metrics
    __meta_ecs_container_labels_PROMETHEUS_PORT: "2112"
    __meta_ecs_container_name: c1
    __meta_ecs_ec2_instance_id: i-1
    __meta_ecs_ec2_private_ip: 172.168.2.1
    __meta_ecs_ec2_tags_aws_cloudformation_instance: cfni1
    __meta_ecs_health_status: ""
    __meta_ecs_service_name: s1
    __meta_ecs_source: t3
    __meta_ecs_task_definition_family: ""
    __meta_ecs_task_definition_revision: "0"
    __meta_ecs_task_group: ""
    __meta_ecs_task_launch_type: EC2
    __meta_ecs_task_started_by: deploy1
    __metrics_path__: /metrics
- targets:
    - 172.168.2.1:2117
  labels:
    __meta_ecs_cluster_name: ut-cluster-1
    __meta_ecs_container_labels_MY_JOB_NAME: PROM_JOB_1
    __meta_ecs_container_labels_MY_METRICS_PATH: /new/metrics
    __meta_ecs_container_labels_PROMETHEUS_PORT: "2112"
    __meta_ecs_container_name: c1
    __meta_ecs_ec2_instance_id: i-1
    __meta_ecs_ec2_private_ip: 172.168.2.1
    __meta_ecs_ec2_tags_aws_cloudformation_instance: cfni1
    __meta_ecs_health_status: ""
    __meta_ecs_service_name: s1
    __meta_ecs_source: t3
    __meta_ecs_task_definition_family: ""
    __meta_ecs_task_definition_revision: "0"
    __meta_ecs_task_group: ""
    __meta_ecs_task_launch_type: EC2
    __meta_ecs_task_started_by: deploy1
    __metrics_path__: /new/metrics
    prometheus_job: PROM_JOB_1
- targets:
    - 172.168.2.0:2118
  labels:
    __meta_ecs_cluster_name: ut-cluster-1
    __meta_ecs_container_labels_MY_JOB_NAME: PROM_JOB_1
    __meta_ecs_container_labels_MY_METRICS_PATH: /new/metrics
    __meta_ecs_container_labels_PROMETHEUS_PORT: "2112"
    __meta_ecs_container_name: c1
    __meta_ecs_ec2_instance_id: i-0
    __meta_ecs_ec2_private_ip: 172.168.2.0
    __meta_ecs_ec2_tags_aws_cloudformation_instance: cfni0
    __meta_ecs_health_status: ""
    __meta_ecs_service_name: s1
    __meta_ecs_source: t4
    __meta_ecs_task_definition_family: ""
    __meta_ecs_task_definition_revision: "0"
    __meta_ecs_task_group: ""
    __meta_ecs_task_launch_type: EC2
    __meta_ecs_task_started_by: deploy1
    __metrics_path__: /metrics
- targets:
    - 172.168.2.0:2118
  labels:
    __meta_ecs_cluster_name: ut-cluster-1
    __meta_ecs_container_labels_MY_JOB_NAME: PROM_JOB_1
    __meta_ecs_container_labels_MY_METRICS_PATH: /new/metrics
    __meta_ecs_container_labels_PROMETHEUS_PORT: "2112"
    __meta_ecs_container_name: c1
    __meta_ecs_ec2_instance_id: i-0
    __meta_ecs_ec2_private_ip: 172.168.2.0
    __meta_ecs_ec2_tags_aws_cloudformation_instance: cfni0
    __meta_ecs_health_status: ""
    __meta_ecs_service_name: s1
    __meta_ecs_source: t4
    __meta_ecs_task_definition_family: ""
    __meta_ecs_task_definition_revision: "0"
    __meta_ecs_task_group: ""
    __meta_ecs_task_launch_type: EC2
    __meta_ecs_task_started_by: deploy1
    __metrics_path__: /new/metrics
    prometheus_job: PROM_JOB_1
- targets:
    - 172.168.2.1:2119
  labels:
    __meta_ecs_cluster_name: ut-cluster-1
    __meta_ecs_container_labels_MY_JOB_NAME: PROM_JOB_1
    __meta_ecs_container_labels_MY_METRICS_PATH: /new/metrics
    __meta_ecs_container_labels_PROMETHEUS_PORT: "2112"
    __meta_ecs_container_name: c1
    __meta_ecs_ec2_instance_id: i-1
    __meta_ecs_ec2_private_ip: 172.168.2.1
    __meta_ecs_ec2_tags_aws_cloudformation_instance: cfni1
    __meta_ecs_health_status: ""
    __meta_ecs_service_name: s1
    __meta_ecs_source: t5
    __meta_ecs_task_definition_family: ""
    __meta_ecs_task_definition_revision: "0"
    __meta_ecs_task_group: ""
    __meta_ecs_task_launch_type: EC2
    __meta_ecs_task_started_by: deploy1
    __metrics_path__: /metrics
- targets:
    - 172.168.2.1:2119
  labels:
    __meta_ecs_cluster_name: ut-cluster-1
    __meta_ecs_container_labels_MY_JOB_NAME: PROM_JOB_1
    __meta_ecs_container_labels_MY_METRICS_PATH: /new/metrics
    __meta_ecs_container_labels_PROMETHEUS_PORT: "2112"
    __meta_ecs_container_name: c1
    __meta_ecs_ec2_instance_id: i-1
    __meta_ecs_ec2_private_ip: 172.168.2.1
    __meta_ecs_ec2_tags_aws_cloudformation_instance: cfni1
    __meta_ecs_health_status: ""
    __meta_ecs_service_name: s1
    __meta_ecs_source: t5
    __meta_ecs_task_definition_family: ""
    __meta_ecs_task_definition_revision: "0"
    __meta_ecs_task_group: ""
    __meta_ecs_task_launch_type: EC2
    __meta_ecs_task_started_by: deploy1
    __metrics_path__: /new/metrics
    prometheus_job: PROM_JOB_1
- targets:
    - 172.168.2.0:2120
  labels:
    __meta_ecs_cluster_name: ut-cluster-1
    __meta_ecs_container_labels_MY_JOB_NAME: PROM_JOB_1
    __meta_ecs_container_labels_MY_METRICS_PATH: /new/metrics
    __meta_ecs_container_labels_PROMETHEUS_PORT: "2112"
    __meta_ecs_container_name: c1
    __meta_ecs_ec2_instance_id: i-0
    __meta_ecs_ec2_private_ip: 172.168.2.0
    __meta_ecs_ec2_tags_aws_cloudformation_instance: cfni0
    __meta_ecs_health_status: ""
    __meta_ecs_service_name: s1
    __meta_ecs_source: t6
    __meta_ecs_task_definition_family: ""
    __meta_ecs_task_definition_revision: "0"
    __meta_ecs_task_group: ""
    __meta_ecs_task_launch_type: EC2
    __meta_ecs_task_started_by: deploy1
    __metrics_path__: /metrics
- targets:
    - 172.168.2.0:2120
  labels:
    __meta_ecs_cluster_name: ut-cluster-1
    __meta_ecs_container_labels_MY_JOB_NAME: PROM_JOB_1
    __meta_ecs_container_labels_MY_METRICS_PATH: /new/metrics
    __meta_ecs_container_labels_PROMETHEUS_PORT: "2112"
    __meta_ecs_container_name: c1
    __meta_ecs_ec2_instance_id: i-0
    __meta_ecs_ec2_private_ip: 172.168.2.0
    __meta_ecs_ec2_tags_aws_cloudformation_instance: cfni0
    __meta_ecs_health_status: ""
    __meta_ecs_service_name: s1
    __meta_ecs_source: t6
    __meta_ecs_task_definition_family: ""
    __meta_ecs_task_definition_revision: "0"
    __meta_ecs_task_group: ""
    __meta_ecs_task_launch_type: EC2
    __meta_ecs_task_started_by: deploy1
    __metrics_path__: /new/metrics
    prometheus_job: PROM_JOB_1
- targets:
    - 172.168.2.1:2121
  labels:
    __meta_ecs_cluster_name: ut-cluster-1
    __meta_ecs_container_labels_MY_JOB_NAME: PROM_JOB_1
    __meta_ecs_container_labels_MY_METRICS_PATH: /new/metrics
    __meta_ecs_container_labels_PROMETHEUS_PORT: "2112"
    __meta_ecs_container_name: c1
    __meta_ecs_ec2_instance_id: i-1
    __meta_ecs_ec2_private_ip: 172.168.2.1
    __meta_ecs_ec2_tags_aws_cloudformation_instance: cfni1
    __meta_ecs_health_status: ""
    __meta_ecs_service_name: s1
    __meta_ecs_source: t7
    __meta_ecs_task_definition_family: ""
    __meta_ecs_task_definition_revision: "0"
    __meta_ecs_task_group: ""
    __meta_ecs_task_launch_type: EC2
    __meta_ecs_task_started_by: deploy1
    __metrics_path__: /metrics
- targets:
    - 172.168.2.1:2121
  labels:
    __meta_ecs_cluster_name: ut-cluster-1
    __meta_ecs_container_labels_MY_JOB_NAME: PROM_JOB_1
    __meta_ecs_container_labels_MY_METRICS_PATH: /new/metrics
    __meta_ecs_container_labels_PROMETHEUS_PORT: "2112"
    __meta_ecs_container_name: c1
    __meta_ecs_ec2_instance_id: i-1
    __meta_ecs_ec2_private_ip: 172.168.2.1
    __meta_ecs_ec2_tags_aws_cloudformation_instance: cfni1
    __meta_ecs_health_status: ""
    __meta_ecs_service_name: s1
    __meta_ecs_source: t7
    __meta_ecs_task_definition_family: ""
    __meta_ecs_task_definition_revision: "0"
    __meta_ecs_task_group: ""
    __meta_ecs_task_launch_type: EC2
    __meta_ecs_task_started_by: deploy1
    __metrics_path__: /new/metrics
    prometheus_job: PROM_JOB_1
- targets:
    - 172.168.2.0:2122
  labels:
    __meta_ecs_cluster_name: ut-cluster-1
    __meta_ecs_container_labels_MY_JOB_NAME: PROM_JOB_1
    __meta_ecs_container_labels_MY_METRICS_PATH: /new/metrics
    __meta_ecs_container_labels_PROMETHEUS_PORT: "2112"
    __meta_ecs_container_name: c1
    __meta_ecs_ec2_instance_id: i-0
    __meta_ecs_ec2_private_ip: 172.168.2.0
    __meta_ecs_ec2_tags_aws_cloudformation_instance: cfni0
    __meta_ecs_health_status: ""
    __meta_ecs_service_name: s1
    __meta_ecs_source: t8
    __meta_ecs_task_definition_family: ""
    __meta_ecs_task_definition_revision: "0"
    __meta_ecs_task_group: ""
    __meta_ecs_task_launch_type: EC2
    __meta_ecs_task_started_by: deploy1
    __metrics_path__: /metrics
- targets:
    - 172.168.2.0:2122
  labels:
    __meta_ecs_cluster_name: ut-cluster-1
    __meta_ecs_container_labels_MY_JOB_NAME: PROM_JOB_1
    __meta_ecs_container_labels_MY_METRICS_PATH: /new/metrics
    __meta_ecs_container_labels_PROMETHEUS_PORT: "2112"
    __meta_ecs_container_name: c1
    __meta_ecs_ec2_instance_id: i-0
    __meta_ecs_ec2_private_ip: 172.168.2.0
    __meta_ecs_ec2_tags_aws_cloudformation_instance: cfni0
    __meta_ecs_health_status: ""
    __meta_ecs_service_name: s1
    __meta_ecs_source: t8
    __meta_ecs_task_definition_family: ""
    __meta_ecs_task_definition_revision: "0"
    __meta_ecs_task_group: ""
    __meta_ecs_task_launch_type: EC2
    __meta_ecs_task_started_by: deploy1
    __metrics_path__: /new/metrics
    prometheus_job: PROM_JOB_1
- targets:
    - 172.168.2.1:2123
  labels:
    __meta_ecs_cluster_name: ut-cluster-1
    __meta_ecs_container_labels_MY_JOB_NAME: PROM_JOB_1
    __meta_ecs_container_labels_MY_METRICS_PATH: /new/metrics
    __meta_ecs_container_labels_PROMETHEUS_PORT: "2112"
    __meta_ecs_container_name: c1
    __meta_ecs_ec2_instance_id: i-1
    __meta_ecs_ec2_private_ip: 172.168.2.1
    __meta_ecs_ec2_tags_aws_cloudformation_instance: cfni1
    __meta_ecs_health_status: ""
    __meta_ecs_service_name: s1
    __meta_ecs_source: t9
    __meta_ecs_task_definition_family: ""
    __meta_ecs_task_definition_revision: "0"
    __meta_ecs_task_group: ""
    __meta_ecs_task_launch_type: EC2
    __meta_ecs_task_started_by: deploy1
    __metrics_path__: /metrics
- targets:
    - 172.168.2.1:2123
  labels:
    __meta_ecs_cluster_name: ut-cluster-1
    __meta_ecs_container_labels_MY_JOB_NAME: PROM_JOB_1
    __meta_ecs_container_labels_MY_METRICS_PATH: /new/metrics
    __meta_ecs_container_labels_PROMETHEUS_PORT: "2112"
    __meta_ecs_container_name: c1
    __meta_ecs_ec2_instance_id: i-1
    __meta_ecs_ec2_private_ip: 172.168.2.1
    __meta_ecs_ec2_tags_aws_cloudformation_instance: cfni1
    __meta_ecs_health_status: ""
    __meta_ecs_service_name: s1
    __meta_ecs_source: t9
    __meta_ecs_task_definition_family: ""
    __meta_ecs_task_definition_revision: "0"
    __meta_ecs_task_group: ""
    __meta_ecs_task_launch_type: EC2
    __meta_ecs_task_started_by: deploy1
    __metrics_path__: /new/metrics
    prometheus_job: PROM_JOB_1
- targets:
    - 172.168.2.0:2124
  labels:
    __meta_ecs_cluster_name: ut-cluster-1
    __meta_ecs_container_labels_MY_JOB_NAME: PROM_JOB_1
    __meta_ecs_container_labels_MY_METRICS_PATH: /new/metrics
    __meta_ecs_container_labels_PROMETHEUS_PORT: "2112"
    __meta_ecs_container_name: c1
    __meta_ecs_ec2_instance_id: i-0
    __meta_ecs_ec2_private_ip: 172.168.2.0
    __meta_ecs_ec2_tags_aws_cloudformation_instance: cfni0
    __meta_ecs_health_status: ""
    __meta_ecs_service_name: s1
    __meta_ecs_source: t10
    __meta_ecs_task_definition_family: ""
    __meta_ecs_task_definition_revision: "0"
    __meta_ecs_task_group: ""
    __meta_ecs_task_launch_type: EC2
    __meta_ecs_task_started_by: deploy1
    __metrics_path__: /metrics
- targets:
    - 172.168.2.0:2124
  labels:
    __meta_ecs_cluster_name: ut-cluster-1
    __meta_ecs_container_labels_MY_JOB_NAME: PROM_JOB_1
    __meta_ecs_container_labels_MY_METRICS_PATH: /new/metrics
    __meta_ecs_container_labels_PROMETHEUS_PORT: "2112"
    __meta_ecs_container_name: c1
    __meta_ecs_ec2_instance_id: i-0
    __meta_ecs_ec2_private_ip: 172.168.2.0
    __meta_ecs_ec2_tags_aws_cloudformation_instance: cfni0
    __meta_ecs_health_status: ""
    __meta_ecs_service_name: s1
    __meta_ecs_source: t10
    __meta_ecs_task_definition_family: ""
    __meta_ecs_task_definition_revision: "0"
    __meta_ecs_task_group: ""
    __meta_ecs_task_launch_type: EC2
    __meta_ecs_task_started_by: deploy1
    __metrics_path__: /new/metrics
    prometheus_job: PROM_JOB_1
