resourceMetrics:
  - resource: {}
    scopeMetrics:
      - metrics:
          - name: TestMetric
            summary:
              dataPoints:
                - count: "1"
                  quantileValues:
                    - {}
                    - quantile: 1
                      value: 1
                  sum: 1
                  timeUnixNano: "1000000"
        scope:
          name: github.com/open-telemetry/opentelemetry-collector-contrib/extension/encoding/awscloudwatchmetricstreamsencodingextension
