resourceLogs:
  - resource:
      attributes:
        - key: one
          value:
            intValue: "1"
    scopeLogs:
      - logRecords:
          - attributes:
              - key: bool
                value:
                  boolValue: true
              - key: str
                value:
                  stringValue: attr str
              - key: log_count
                value:
                  intValue: "2"
              - key: first_observed_timestamp
                value:
                  stringValue: "2024-10-04T19:21:47Z"
              - key: last_observed_timestamp
                value:
                  stringValue: "2024-10-04T19:21:47Z"
            body:
              stringValue: Body of the log
            observedTimeUnixNano: "1728069707998122000"
            severityText: info
            spanId: ""
            timeUnixNano: "1728069708998920000"
            traceId: ""
        scope: {}
