resourceLogs:
  - resource: {}
    scopeLogs:
      - logRecords:
          - attributes:
              - key: bool
                value:
                  boolValue: true
              - key: str
                value:
                  stringValue: attr str
              - key: ID
                value:
                  intValue: "1"
              - key: log_count
                value:
                  intValue: "2"
              - key: first_observed_timestamp
                value:
                  stringValue: "2024-10-04T19:40:31Z"
              - key: last_observed_timestamp
                value:
                  stringValue: "2024-10-04T19:40:31Z"
            body:
              stringValue: Body of the log1
            observedTimeUnixNano: "1728070831326144000"
            severityText: info
            spanId: ""
            timeUnixNano: "1728070832326078000"
            traceId: ""
        scope: {}
