{
    "resourceMetrics":[
        {
            "resource":{
                "attributes":[
                    {
                        "key":"cloud.provider",
                        "value":{
                            "stringValue":"aws"
                        }
                    },
                    {
                        "key":"cloud.account.id",
                        "value":{
                            "stringValue":"1234567890"
                        }
                    },
                    {
                        "key":"cloud.region",
                        "value":{
                            "stringValue":"us-east-1"
                        }
                    },
                    {
                        "key":"service.namespace",
                        "value":{
                            "stringValue":"AWS"
                        }
                    },
                    {
                        "key":"service.name",
                        "value":{
                            "stringValue":"EC2"
                        }
                    },
                    {
                        "key":"aws.cloudwatch.metric_stream_name",
                        "value":{
                            "stringValue":"MyMetricStream"
                        }
                    }
                ]
            },
            "scopeMetrics":[
                {
                    "scope":{
                        "name":"github.com/open-telemetry/opentelemetry-collector-contrib/extension/encoding/awscloudwatchmetricstreamsencodingextension"
                    },
                    "metrics":[
                        {
                            "name":"DiskWriteOps",
                            "unit":"Seconds",
                            "summary":{
                                "dataPoints":[
                                    {
                                        "attributes":[
                                            {
                                                "key":"service.instance.id",
                                                "value":{
                                                    "stringValue":"i-123456789012"
                                                }
                                            }
                                        ],
                                        "timeUnixNano":"1611929698000000000",
                                        "count":"3",
                                        "sum":20,
                                        "quantileValues":[
                                            {

                                            },
                                            {
                                                "quantile":1,
                                                "value":18
                                            }
                                        ]
                                    },
                                    {
                                        "attributes":[
                                            {
                                                "key":"service.instance.id",
                                                "value":{
                                                    "stringValue":"i-123456789012"
                                                }
                                            }
                                        ],
                                        "timeUnixNano":"1633329698000000000",
                                        "count":"5",
                                        "sum":20,
                                        "quantileValues":[
                                            {

                                            },
                                            {
                                                "quantile":1,
                                                "value":18
                                            }
                                        ]
                                    }
                                ]
                            }
                        }
                    ]
                }
            ]
        }
    ]
}