resourceSpans:
  - resource:
      attributes:
        - key: testKey1
          value:
            stringValue: teststringvalue1
        - key: testKey2
          value:
            stringValue: teststringvalue2
      droppedAttributesCount: 1
    scopeSpans:
      - scope:
          name: collector
          version: v0.1.0
        spans:
          - attributes:
              - key: testKey1
                value:
                  stringValue: teststringvalue1
              - key: testKey2
                value:
                  stringValue: teststringvalue2
            droppedAttributesCount: 1
            endTimeUnixNano: "11651379494838206464"
            events:
              - name: Sub span event
            kind: 2
            name: span1
            parentSpanId: bcff497b5a47310f
            spanId: fd0da883bb27cd6b
            startTimeUnixNano: "11651379494838206464"
            status:
              code: 1
            traceId: 8c8b1765a7b0acf0b66aa4623fcb7bd5
